E:\Projects\Clients\NashvilleMPO\ModelUpdate2023\GitHub\nashvilleabm_ABM_tcad9\Script\0.1 UI.rsc
E:\Projects\Clients\NashvilleMPO\ModelUpdate2023\GitHub\nashvilleabm_ABM_tcad9\Script\1.1 initialization.rsc
E:\Projects\Clients\NashvilleMPO\ModelUpdate2023\GitHub\nashvilleabm_ABM_tcad9\Script\2.1 HwySkimming.rsc
E:\Projects\Clients\NashvilleMPO\ModelUpdate2023\GitHub\nashvilleabm_ABM_tcad9\Script\2.2 TransitSkimming.rsc
E:\Projects\Clients\NashvilleMPO\ModelUpdate2023\GitHub\nashvilleabm_ABM_tcad9\Script\2.3 FormatSkims.rsc
E:\Projects\Clients\NashvilleMPO\ModelUpdate2023\GitHub\nashvilleabm_ABM_tcad9\Script\4 InternalTruckModel.rsc
E:\Projects\Clients\NashvilleMPO\ModelUpdate2023\GitHub\nashvilleabm_ABM_tcad9\Script\5 VisitorModel.rsc
E:\Projects\Clients\NashvilleMPO\ModelUpdate2023\GitHub\nashvilleabm_ABM_tcad9\Script\7.1 RunDaysim.rsc
E:\Projects\Clients\NashvilleMPO\ModelUpdate2023\GitHub\nashvilleabm_ABM_tcad9\Script\8.1 HwyAssignment.rsc
E:\Projects\Clients\NashvilleMPO\ModelUpdate2023\GitHub\nashvilleabm_ABM_tcad9\Script\8.2 TransitAssignment.rsc
E:\Projects\Clients\NashvilleMPO\ModelUpdate2023\GitHub\nashvilleabm_ABM_tcad9\Script\8.3 FeedbackLoop.rsc
E:\Projects\Clients\NashvilleMPO\ModelUpdate2023\GitHub\nashvilleabm_ABM_tcad9\Script\9.1 Utility.rsc
E:\Projects\Clients\NashvilleMPO\ModelUpdate2023\GitHub\nashvilleabm_ABM_tcad9\Script\9.2 boardings.rsc


